// Jest Snapshot v1, https://goo.gl/fbAQLP

exports[`Test in <GifGridItem /> component It should display the component correctly 1`] = `
<div
  className="card animate__animated animate__fadeIn"
>
  <p>
    Default title
  </p>
  <img
    alt="Default title"
    src="https://localhost/algo.jpg"
  />
</div>
`;
